// Jest Snapshot v1, https://goo.gl/fbAQLP

exports[`TagsPageHead TagsPageHead render correctly 1`] = `
"<title>test title</title><link rel=\\"canonical\\" href=\\"https://example.com/tags/\\" data-react-helmet=\\"true\\"><meta name=\\"description\\" content=\\"test description\\" data-react-helmet=\\"true\\"><meta property=\\"og:title\\" content=\\"test title\\" data-react-helmet=\\"true\\"><meta property=\\"og:type\\" content=\\"website\\" data-react-helmet=\\"true\\"><meta property=\\"og:image\\" content=\\"https://example.com/images/home.jpg\\" data-react-helmet=\\"true\\"><meta property=\\"og:url\\" content=\\"https://example.com/tags/\\" data-react-helmet=\\"true\\"><meta property=\\"og:description\\" content=\\"test description\\" data-react-helmet=\\"true\\"><meta property=\\"og:locale\\" content=\\"en\\" data-react-helmet=\\"true\\"><meta property=\\"og:site_name\\" content=\\"\\" data-react-helmet=\\"true\\"><meta name=\\"twitter:card\\" content=\\"summary_large_image\\" data-react-helmet=\\"true\\"><meta name=\\"twitter:creator\\" content=\\"@testAccount\\" data-react-helmet=\\"true\\"><meta name=\\"twitter:title\\" content=\\"test title\\" data-react-helmet=\\"true\\"><meta name=\\"twitter:description\\" content=\\"test description\\" data-react-helmet=\\"true\\"><meta name=\\"twitter:image\\" content=\\"https://example.com/images/home.jpg\\" data-react-helmet=\\"true\\"><script type=\\"application/ld+json\\" data-react-helmet=\\"true\\">{
           \\"@context\\": \\"http://schema.org\\",
           \\"@type\\": \\"BreadcrumbList\\",
           \\"itemListElement\\": [
             {
               \\"@type\\": \\"ListItem\\",
               \\"position\\": 1,
               \\"item\\": {
                 \\"@id\\": \\"https://example.com/tags/\\",
                 \\"name\\": \\"tags\\",
                 \\"image\\": \\"https://example.com/images/home.jpg\\"
               }
             }
           ]
        }</script>"
`;
