// Jest Snapshot v1, https://goo.gl/fbAQLP

exports[`BlogPostHead When hasAlternate is false BlogPostHead render correctly 1`] = `
"<title>test post title</title><link rel=\\"amphtml\\" href=\\"https://amp.example.com\\" data-react-helmet=\\"true\\"><link rel=\\"canonical\\" href=\\"https://example.com\\" data-react-helmet=\\"true\\"><link rel=\\"alternate\\" href=\\"https://example.com\\" hreflang=\\"en\\" data-react-helmet=\\"true\\"><meta name=\\"description\\" content=\\"post description\\" data-react-helmet=\\"true\\"><meta property=\\"og:title\\" content=\\"test post title\\" data-react-helmet=\\"true\\"><meta property=\\"og:type\\" content=\\"article\\" data-react-helmet=\\"true\\"><meta property=\\"og:image\\" content=\\"https://example.com/images/3.jpg\\" data-react-helmet=\\"true\\"><meta property=\\"og:url\\" content=\\"https://example.com\\" data-react-helmet=\\"true\\"><meta property=\\"og:description\\" content=\\"test post summary\\" data-react-helmet=\\"true\\"><meta property=\\"og:locale\\" content=\\"en\\" data-react-helmet=\\"true\\"><meta property=\\"og:site_name\\" content=\\"test site title\\" data-react-helmet=\\"true\\"><meta property=\\"article:published_time\\" content=\\"2018-12-24T00:00:00.000Z\\" data-react-helmet=\\"true\\"><meta property=\\"profile:username\\" content=\\"test author\\" data-react-helmet=\\"true\\"><meta property=\\"article:tag\\" content=\\"test1\\" data-react-helmet=\\"true\\"><meta property=\\"article:tag\\" content=\\"test2\\" data-react-helmet=\\"true\\"><meta name=\\"twitter:card\\" content=\\"summary_large_image\\" data-react-helmet=\\"true\\"><meta name=\\"twitter:creator\\" content=\\"@testAccount\\" data-react-helmet=\\"true\\"><meta name=\\"twitter:title\\" content=\\"test post title\\" data-react-helmet=\\"true\\"><meta name=\\"twitter:description\\" content=\\"test post summary\\" data-react-helmet=\\"true\\"><meta name=\\"twitter:image\\" content=\\"https://example.com/images/3.jpg\\" data-react-helmet=\\"true\\"><script type=\\"application/ld+json\\" data-react-helmet=\\"true\\">{
        \\"@context\\": \\"http://schema.org\\",
        \\"@type\\": \\"BreadcrumbList\\",
        \\"itemListElement\\": [
          {
            \\"@type\\": \\"ListItem\\",
            \\"position\\": 1,
            \\"item\\": {
              \\"@id\\": \\"https://example.com/\\",
              \\"name\\": \\"HOME\\",
              \\"image\\": \\"https://example.com/images/home.jpg\\"
            }
          },
          {
            \\"@type\\": \\"ListItem\\",
            \\"position\\": 2,
            \\"item\\": {
              \\"@id\\": \\"https://example.com/post/test-slug/\\",
              \\"name\\": \\"test post title\\",
              \\"image\\": \\"https://example.com/images/3.jpg\\"
            }
          }
        ]
      }</script><script type=\\"application/ld+json\\" data-react-helmet=\\"true\\">{
          \\"@context\\": \\"http://schema.org\\",
          \\"@type\\": \\"Article\\",
          \\"mainEntityOfPage\\": {
            \\"@type\\": \\"WebPage\\",
            \\"@id\\": \\"https://example.com/post/test-slug/\\"
          },
          \\"headline\\": \\"test post summary\\",
          \\"image\\": {
            \\"@type\\": \\"ImageObject\\",
            \\"url\\": \\"https://example.com/images/3.jpg\\",
            \\"height\\": 900,
            \\"width\\": 1600
          },
          \\"datePublished\\": \\"2018-12-24T00:00:00.000Z\\",
          \\"dateModified\\": \\"2018-12-24T00:00:00.000Z\\",
          \\"author\\": {
            \\"@type\\": \\"Person\\",
            \\"name\\": \\"test author\\"
          },
          \\"description\\": \\"test post summary\\",
          \\"publisher\\": {
            \\"@type\\": \\"Organization\\",
            \\"name\\": \\"test site title\\",
            \\"logo\\": {
              \\"@type\\": \\"ImageObject\\",
              \\"url\\": \\"https://example.com/images/amp_publisher_logo.png\\",
              \\"width\\": 530,
              \\"height\\": 60
            }
          }
        }</script>"
`;

exports[`BlogPostHead When hasAlternate is true BlogPostHead render correctly 1`] = `
"<title>test post title</title><link rel=\\"amphtml\\" href=\\"https://amp.example.com\\" data-react-helmet=\\"true\\"><link rel=\\"canonical\\" href=\\"https://example.com\\" data-react-helmet=\\"true\\"><link rel=\\"alternate\\" href=\\"https://example.com\\" hreflang=\\"en\\" data-react-helmet=\\"true\\"><link rel=\\"alternate\\" href=\\"https://example.com/post/ja/test-slug/\\" hreflang=\\"ja\\" data-react-helmet=\\"true\\"><meta name=\\"description\\" content=\\"post description\\" data-react-helmet=\\"true\\"><meta property=\\"og:title\\" content=\\"test post title\\" data-react-helmet=\\"true\\"><meta property=\\"og:type\\" content=\\"article\\" data-react-helmet=\\"true\\"><meta property=\\"og:image\\" content=\\"https://example.com/images/3.jpg\\" data-react-helmet=\\"true\\"><meta property=\\"og:url\\" content=\\"https://example.com\\" data-react-helmet=\\"true\\"><meta property=\\"og:description\\" content=\\"test post summary\\" data-react-helmet=\\"true\\"><meta property=\\"og:locale\\" content=\\"en\\" data-react-helmet=\\"true\\"><meta property=\\"og:site_name\\" content=\\"test site title\\" data-react-helmet=\\"true\\"><meta property=\\"article:published_time\\" content=\\"2018-12-24T00:00:00.000Z\\" data-react-helmet=\\"true\\"><meta property=\\"profile:username\\" content=\\"test author\\" data-react-helmet=\\"true\\"><meta property=\\"article:tag\\" content=\\"test1\\" data-react-helmet=\\"true\\"><meta property=\\"article:tag\\" content=\\"test2\\" data-react-helmet=\\"true\\"><meta name=\\"twitter:card\\" content=\\"summary_large_image\\" data-react-helmet=\\"true\\"><meta name=\\"twitter:creator\\" content=\\"@testAccount\\" data-react-helmet=\\"true\\"><meta name=\\"twitter:title\\" content=\\"test post title\\" data-react-helmet=\\"true\\"><meta name=\\"twitter:description\\" content=\\"test post summary\\" data-react-helmet=\\"true\\"><meta name=\\"twitter:image\\" content=\\"https://example.com/images/3.jpg\\" data-react-helmet=\\"true\\"><script type=\\"application/ld+json\\" data-react-helmet=\\"true\\">{
        \\"@context\\": \\"http://schema.org\\",
        \\"@type\\": \\"BreadcrumbList\\",
        \\"itemListElement\\": [
          {
            \\"@type\\": \\"ListItem\\",
            \\"position\\": 1,
            \\"item\\": {
              \\"@id\\": \\"https://example.com/\\",
              \\"name\\": \\"HOME\\",
              \\"image\\": \\"https://example.com/images/home.jpg\\"
            }
          },
          {
            \\"@type\\": \\"ListItem\\",
            \\"position\\": 2,
            \\"item\\": {
              \\"@id\\": \\"https://example.com/post/test-slug/\\",
              \\"name\\": \\"test post title\\",
              \\"image\\": \\"https://example.com/images/3.jpg\\"
            }
          }
        ]
      }</script><script type=\\"application/ld+json\\" data-react-helmet=\\"true\\">{
          \\"@context\\": \\"http://schema.org\\",
          \\"@type\\": \\"Article\\",
          \\"mainEntityOfPage\\": {
            \\"@type\\": \\"WebPage\\",
            \\"@id\\": \\"https://example.com/post/test-slug/\\"
          },
          \\"headline\\": \\"test post summary\\",
          \\"image\\": {
            \\"@type\\": \\"ImageObject\\",
            \\"url\\": \\"https://example.com/images/3.jpg\\",
            \\"height\\": 900,
            \\"width\\": 1600
          },
          \\"datePublished\\": \\"2018-12-24T00:00:00.000Z\\",
          \\"dateModified\\": \\"2018-12-24T00:00:00.000Z\\",
          \\"author\\": {
            \\"@type\\": \\"Person\\",
            \\"name\\": \\"test author\\"
          },
          \\"description\\": \\"test post summary\\",
          \\"publisher\\": {
            \\"@type\\": \\"Organization\\",
            \\"name\\": \\"test site title\\",
            \\"logo\\": {
              \\"@type\\": \\"ImageObject\\",
              \\"url\\": \\"https://example.com/images/amp_publisher_logo.png\\",
              \\"width\\": 530,
              \\"height\\": 60
            }
          }
        }</script>"
`;
